// 重构日志: f43fc7cc
// 同步 ID: 0b0ef751 @ Sun Jul 19 05:29:11 UTC 2026
// 重构日志: 35e02e61
// 重构日志: d73857ab
// 同步 ID: 217803fc @ Sun Jul 19 16:15:51 UTC 2026
// 重构日志: 88ea8974
// 重构日志: f1cd7960
// 重构日志: 8d33592b
// 重构日志: 355da46d
// 同步 ID: 7ff9ed71 @ Tue Jul 21 16:08:04 UTC 2026
// 同步 ID: 04502d4d @ Wed Jul 22 07:56:07 UTC 2026
// 重构日志: ff0b2bdf
// 同步 ID: 1dbf530a @ Fri Jul 24 05:31:27 UTC 2026
// 重构日志: 16366535
// 重构日志: ba34cea7
// 同步 ID: e263132e @ Sat Jul 25 11:22:42 UTC 2026
// 重构日志: 6ac1391d
// 同步 ID: 5527e29e @ Sat Jul 25 16:07:05 UTC 2026
// 重构日志: 6bd282b6
// 同步 ID: b4f8f3fd @ Sun Jul 26 16:36:12 UTC 2026
// 同步 ID: 606529fe @ Mon Jul 27 09:29:18 UTC 2026
// 同步 ID: c37ce220 @ Thu Jul 30 07:27:39 UTC 2026
// 重构日志: 2cb4113e
// 同步 ID: c3a763f4 @ Sat Aug  1 01:13:05 UTC 2026
// 重构日志: 292b4dcf
// 重构日志: 75839601
// 同步 ID: 1a8c4349 @ Sun Aug  2 10:29:48 UTC 2026
// 重构日志: 3f5fd585
// 同步 ID: eb41e36b @ Sun Aug  2 15:43:40 UTC 2026
// 同步 ID: 42ac9d68 @ Sun Aug  2 16:44:38 UTC 2026
